-------------------------------------------------------------------------------
AGILENT 3070 BOARD TEST GRADER               Sat Jul 21 09:36:19 2018  page 1  

Digital Incircuit      Fault Coverage REPORT
-------------------------------------------------------------------------------

Board Path:              ./
Board Serial #:          Board1
Date of Data generation: Fri Jul 20 10:59:59 2018

Number of test runs (in config.bdg): 1
Number of tests: 38

Designator                                   -Drive Faults-  Receive Faults Com
                                               #      #        #      #     Ref
                                             Fault  Fault    Fault  Fault
                                             Found  Not Fnd  Found  Not Fnd

ACT2                                           18       0       3       0   ...
FLSHG_CP                                       10       5       3       0   ...
FLSHP_CP                                       12       3       3       0   ...
U3_CP                                          30       0      12       0   ...
U1_3V3                                          6       0       3       0   ...
U1_CP                                          24       6       9       0   ...
U17                                            36       0      24       0   ...
U13                                            24       3       9       0   ...
U1_MVR                                          6       0       3       0   ...
U1_VR                                           6       0       3       0   ...
U22_CP                                          6       0       3       0   ...
U25_CP                                          6       0       3       0   ...
U26_CP                                          6       0       3       0   ...
U27_CP                                          6       0       3       0   ...
U33_CP                                          6       0       3       0   ...
U34_CP                                          6       0       3       0   ...
U14_CP                                         21       0       9       0   ...
U15_CP                                         10       2       6       0   ...
U19_CP                                          7       5       6       0   ...
U17_CP                                         54       0      48       0   ...
U18_CP                                         27       3      21       3   ...
U20_CP                                         29       1      21       3   ...
U16_CP                                          9       0       6       0   ...
U32_CP                                          9       0       6       0   ...
U2_CP                                          12       0       9       0   ...
U4_CP                                          12       0       9       0   ...
U11_CP                                         12       3       3       0   ...
U12_CP                                          9       0       6       0   ...
U13_CP                                          9       0       6       0   ...
U29                                             9       0       6       0   ...
U14                                             6       0       6       0   ...
U30                                            12       6       6       0   ...
U21_CP                                          6       0       3       0   ...
U23                                            35      13      24       3   ...
U28_CP                                          3       0       3       0   ...
U7                                              3       0       3       0   ...
U22                                             6       0       3       0   ...
U24                                           129       0      48       0   ...

For more Information, please examine: dig_inc_ver_fau.dat
